+-----------------------+----------------------------------+
|      CRAWLED URL      |      DISCOVERED VALID URLS       |
+-----------------------+----------------------------------+
| http://localhost:8000 | http://localhost:8000/page1.html |
|                       | http://localhost:8000/page2.html |
|                       | http://localhost:8000/page3/     |
|                       | http://localhost:8000/page4      |
+-----------------------+----------------------------------+

+----------------------------------+-----------------------------+
|           CRAWLED URL            |    DISCOVERED VALID URLS    |
+----------------------------------+-----------------------------+
| http://localhost:8000/page1.html | http://localhost:8000/page6 |
+----------------------------------+-----------------------------+

+----------------------------------+------------------------------------+
|           CRAWLED URL            |       DISCOVERED VALID URLS        |
+----------------------------------+------------------------------------+
| http://localhost:8000/page2.html | http://localhost:8000/page4/page5/ |
+----------------------------------+------------------------------------+

+------------------------------+-----------------------------------+
|         CRAWLED URL          |       DISCOVERED VALID URLS       |
+------------------------------+-----------------------------------+
| http://localhost:8000/page3/ | http://localhost:8000/page4/      |
|                              | http://localhost:8000/page1.html  |
|                              | http://localhost:8000/page2.html  |
|                              | http://localhost:8000/page4/page5 |
+------------------------------+-----------------------------------+

+-----------------------------+-----------------------+
|         CRAWLED URL         | DISCOVERED VALID URLS |
+-----------------------------+-----------------------+
| http://localhost:8000/page6 | None                  |
+-----------------------------+-----------------------+

Warning: These URLs are invalid and will be ignored: [':foo']

+-----------------------------+--------------------------------------------+
|         CRAWLED URL         |           DISCOVERED VALID URLS            |
+-----------------------------+--------------------------------------------+
| http://localhost:8000/page4 | http://localhost:8000/page4/page5/         |
|                             | http://localhost:8000/page4/spider-man.png |
+-----------------------------+--------------------------------------------+

+------------------------------------+----------------------------------+
|            CRAWLED URL             |      DISCOVERED VALID URLS       |
+------------------------------------+----------------------------------+
| http://localhost:8000/page4/page5/ | http://localhost:8000/page1.html |
|                                    | http://localhost:8000/page2.html |
|                                    | http://localhost:8000/page3/     |
+------------------------------------+----------------------------------+

+------------------------------+--------------------------------------------+
|         CRAWLED URL          |           DISCOVERED VALID URLS            |
+------------------------------+--------------------------------------------+
| http://localhost:8000/page4/ | http://localhost:8000/page4/page5/         |
|                              | http://localhost:8000/page4/spider-man.png |
+------------------------------+--------------------------------------------+

+--------------------------------------------+-----------------------+
|                CRAWLED URL                 | DISCOVERED VALID URLS |
+--------------------------------------------+-----------------------+
| http://localhost:8000/page4/spider-man.png | None                  |
+--------------------------------------------+-----------------------+

+-----------------------------------+----------------------------------+
|            CRAWLED URL            |      DISCOVERED VALID URLS       |
+-----------------------------------+----------------------------------+
| http://localhost:8000/page4/page5 | http://localhost:8000/page1.html |
|                                   | http://localhost:8000/page2.html |
|                                   | http://localhost:8000/page3/     |
+-----------------------------------+----------------------------------+

