+-----------------------+----------------------------------+
|      CRAWLED URL      |      DISCOVERED VALID URLS       |
+-----------------------+----------------------------------+
| http://localhost:8000 | http://localhost:8000/page1.html |
|                       | http://localhost:8000/page2.html |
|                       | http://localhost:8000/page3/     |
|                       | http://localhost:8000/page4      |
+-----------------------+----------------------------------+

+----------------------------------+-----------------------+
|           CRAWLED URL            | DISCOVERED VALID URLS |
+----------------------------------+-----------------------+
| http://localhost:8000/page2.html | None                  |
+----------------------------------+-----------------------+

+------------------------------+-----------------------+
|         CRAWLED URL          | DISCOVERED VALID URLS |
+------------------------------+-----------------------+
| http://localhost:8000/page3/ | None                  |
+------------------------------+-----------------------+

+----------------------------------+-----------------------+
|           CRAWLED URL            | DISCOVERED VALID URLS |
+----------------------------------+-----------------------+
| http://localhost:8000/page1.html | None                  |
+----------------------------------+-----------------------+

+-----------------------------+-----------------------+
|         CRAWLED URL         | DISCOVERED VALID URLS |
+-----------------------------+-----------------------+
| http://localhost:8000/page4 | None                  |
+-----------------------------+-----------------------+

